ARM GAS  C:\Users\TIMCHE~1\AppData\Local\Temp\ccOeHAIz.s 			page 1


   1              		.cpu cortex-m0
   2              		.fpu softvfp
   3              		.eabi_attribute 20, 1
   4              		.eabi_attribute 21, 1
   5              		.eabi_attribute 23, 3
   6              		.eabi_attribute 24, 1
   7              		.eabi_attribute 25, 1
   8              		.eabi_attribute 26, 1
   9              		.eabi_attribute 30, 4
  10              		.eabi_attribute 34, 0
  11              		.eabi_attribute 18, 4
  12              		.code	16
  13              		.file	"cyfitter_cfg.c"
  14              		.text
  15              	.Ltext0:
  16              		.cfi_sections	.debug_frame
  17              		.section	.psocinit,"ax",%progbits
  18              		.align	1
  19              		.global	cyfitter_cfg
  20              		.code	16
  21              		.thumb_func
  22              		.type	cyfitter_cfg, %function
  23              	cyfitter_cfg:
  24              	.LFB5:
  25              		.file 1 "Generated_Source\\PSoC4\\cyfitter_cfg.c"
   1:Generated_Source\PSoC4/cyfitter_cfg.c **** /*******************************************************************************
   2:Generated_Source\PSoC4/cyfitter_cfg.c **** * File Name: cyfitter_cfg.c
   3:Generated_Source\PSoC4/cyfitter_cfg.c **** * 
   4:Generated_Source\PSoC4/cyfitter_cfg.c **** * PSoC Creator  4.0 Update 1
   5:Generated_Source\PSoC4/cyfitter_cfg.c **** *
   6:Generated_Source\PSoC4/cyfitter_cfg.c **** * Description:
   7:Generated_Source\PSoC4/cyfitter_cfg.c **** * This file contains device initialization code.
   8:Generated_Source\PSoC4/cyfitter_cfg.c **** * Except for the user defined sections in CyClockStartupError(), this file should not be modified.
   9:Generated_Source\PSoC4/cyfitter_cfg.c **** * This file is automatically generated by PSoC Creator.
  10:Generated_Source\PSoC4/cyfitter_cfg.c **** *
  11:Generated_Source\PSoC4/cyfitter_cfg.c **** ********************************************************************************
  12:Generated_Source\PSoC4/cyfitter_cfg.c **** * Copyright (c) 2007-2016 Cypress Semiconductor.  All rights reserved.
  13:Generated_Source\PSoC4/cyfitter_cfg.c **** * You may use this file only in accordance with the license, terms, conditions, 
  14:Generated_Source\PSoC4/cyfitter_cfg.c **** * disclaimers, and limitations in the end user license agreement accompanying 
  15:Generated_Source\PSoC4/cyfitter_cfg.c **** * the software package with which this file was provided.
  16:Generated_Source\PSoC4/cyfitter_cfg.c **** ********************************************************************************/
  17:Generated_Source\PSoC4/cyfitter_cfg.c **** 
  18:Generated_Source\PSoC4/cyfitter_cfg.c **** #include <string.h>
  19:Generated_Source\PSoC4/cyfitter_cfg.c **** #include "cytypes.h"
  20:Generated_Source\PSoC4/cyfitter_cfg.c **** #include "cydevice_trm.h"
  21:Generated_Source\PSoC4/cyfitter_cfg.c **** #include "cyfitter.h"
  22:Generated_Source\PSoC4/cyfitter_cfg.c **** #include "CyLib.h"
  23:Generated_Source\PSoC4/cyfitter_cfg.c **** #include "cyfitter_cfg.h"
  24:Generated_Source\PSoC4/cyfitter_cfg.c **** #include "cyapicallbacks.h"
  25:Generated_Source\PSoC4/cyfitter_cfg.c **** 
  26:Generated_Source\PSoC4/cyfitter_cfg.c **** 
  27:Generated_Source\PSoC4/cyfitter_cfg.c **** #if defined(__GNUC__) || defined(__ARMCC_VERSION)
  28:Generated_Source\PSoC4/cyfitter_cfg.c ****     #define CYPACKED 
  29:Generated_Source\PSoC4/cyfitter_cfg.c ****     #define CYPACKED_ATTR __attribute__ ((packed))
  30:Generated_Source\PSoC4/cyfitter_cfg.c ****     #define CYALIGNED __attribute__ ((aligned))
  31:Generated_Source\PSoC4/cyfitter_cfg.c ****     #define CY_CFG_UNUSED __attribute__ ((unused))
  32:Generated_Source\PSoC4/cyfitter_cfg.c ****     #ifndef CY_CFG_SECTION
ARM GAS  C:\Users\TIMCHE~1\AppData\Local\Temp\ccOeHAIz.s 			page 2


  33:Generated_Source\PSoC4/cyfitter_cfg.c ****         #define CY_CFG_SECTION __attribute__ ((section(".psocinit")))
  34:Generated_Source\PSoC4/cyfitter_cfg.c ****     #endif
  35:Generated_Source\PSoC4/cyfitter_cfg.c ****     
  36:Generated_Source\PSoC4/cyfitter_cfg.c ****     #if defined(__ARMCC_VERSION)
  37:Generated_Source\PSoC4/cyfitter_cfg.c ****         #define CY_CFG_MEMORY_BARRIER() __memory_changed()
  38:Generated_Source\PSoC4/cyfitter_cfg.c ****     #else
  39:Generated_Source\PSoC4/cyfitter_cfg.c ****         #define CY_CFG_MEMORY_BARRIER() __sync_synchronize()
  40:Generated_Source\PSoC4/cyfitter_cfg.c ****     #endif
  41:Generated_Source\PSoC4/cyfitter_cfg.c ****     
  42:Generated_Source\PSoC4/cyfitter_cfg.c **** #elif defined(__ICCARM__)
  43:Generated_Source\PSoC4/cyfitter_cfg.c ****     #include <intrinsics.h>
  44:Generated_Source\PSoC4/cyfitter_cfg.c **** 
  45:Generated_Source\PSoC4/cyfitter_cfg.c ****     #define CYPACKED __packed
  46:Generated_Source\PSoC4/cyfitter_cfg.c ****     #define CYPACKED_ATTR 
  47:Generated_Source\PSoC4/cyfitter_cfg.c ****     #define CYALIGNED _Pragma("data_alignment=4")
  48:Generated_Source\PSoC4/cyfitter_cfg.c ****     #define CY_CFG_UNUSED _Pragma("diag_suppress=Pe177")
  49:Generated_Source\PSoC4/cyfitter_cfg.c ****     #define CY_CFG_SECTION _Pragma("location=\".psocinit\"")
  50:Generated_Source\PSoC4/cyfitter_cfg.c ****     
  51:Generated_Source\PSoC4/cyfitter_cfg.c ****     #define CY_CFG_MEMORY_BARRIER() __DMB()
  52:Generated_Source\PSoC4/cyfitter_cfg.c ****     
  53:Generated_Source\PSoC4/cyfitter_cfg.c **** #else
  54:Generated_Source\PSoC4/cyfitter_cfg.c ****     #error Unsupported toolchain
  55:Generated_Source\PSoC4/cyfitter_cfg.c **** #endif
  56:Generated_Source\PSoC4/cyfitter_cfg.c **** 
  57:Generated_Source\PSoC4/cyfitter_cfg.c **** 
  58:Generated_Source\PSoC4/cyfitter_cfg.c **** CY_CFG_UNUSED
  59:Generated_Source\PSoC4/cyfitter_cfg.c **** static void CYMEMZERO(void *s, size_t n);
  60:Generated_Source\PSoC4/cyfitter_cfg.c **** CY_CFG_UNUSED
  61:Generated_Source\PSoC4/cyfitter_cfg.c **** static void CYMEMZERO(void *s, size_t n)
  62:Generated_Source\PSoC4/cyfitter_cfg.c **** {
  63:Generated_Source\PSoC4/cyfitter_cfg.c **** 	(void)memset(s, 0, n);
  64:Generated_Source\PSoC4/cyfitter_cfg.c **** }
  65:Generated_Source\PSoC4/cyfitter_cfg.c **** CY_CFG_UNUSED
  66:Generated_Source\PSoC4/cyfitter_cfg.c **** static void CYCONFIGCPY(void *dest, const void *src, size_t n);
  67:Generated_Source\PSoC4/cyfitter_cfg.c **** CY_CFG_UNUSED
  68:Generated_Source\PSoC4/cyfitter_cfg.c **** static void CYCONFIGCPY(void *dest, const void *src, size_t n)
  69:Generated_Source\PSoC4/cyfitter_cfg.c **** {
  70:Generated_Source\PSoC4/cyfitter_cfg.c **** 	(void)memcpy(dest, src, n);
  71:Generated_Source\PSoC4/cyfitter_cfg.c **** }
  72:Generated_Source\PSoC4/cyfitter_cfg.c **** CY_CFG_UNUSED
  73:Generated_Source\PSoC4/cyfitter_cfg.c **** static void CYCONFIGCPYCODE(void *dest, const void *src, size_t n);
  74:Generated_Source\PSoC4/cyfitter_cfg.c **** CY_CFG_UNUSED
  75:Generated_Source\PSoC4/cyfitter_cfg.c **** static void CYCONFIGCPYCODE(void *dest, const void *src, size_t n)
  76:Generated_Source\PSoC4/cyfitter_cfg.c **** {
  77:Generated_Source\PSoC4/cyfitter_cfg.c **** 	(void)memcpy(dest, src, n);
  78:Generated_Source\PSoC4/cyfitter_cfg.c **** }
  79:Generated_Source\PSoC4/cyfitter_cfg.c **** 
  80:Generated_Source\PSoC4/cyfitter_cfg.c **** 
  81:Generated_Source\PSoC4/cyfitter_cfg.c **** 
  82:Generated_Source\PSoC4/cyfitter_cfg.c **** 
  83:Generated_Source\PSoC4/cyfitter_cfg.c **** /* Clock startup error codes                                                   */
  84:Generated_Source\PSoC4/cyfitter_cfg.c **** #define CYCLOCKSTART_NO_ERROR    0u
  85:Generated_Source\PSoC4/cyfitter_cfg.c **** #define CYCLOCKSTART_XTAL_ERROR  1u
  86:Generated_Source\PSoC4/cyfitter_cfg.c **** #define CYCLOCKSTART_32KHZ_ERROR 2u
  87:Generated_Source\PSoC4/cyfitter_cfg.c **** #define CYCLOCKSTART_PLL_ERROR   3u
  88:Generated_Source\PSoC4/cyfitter_cfg.c **** 
  89:Generated_Source\PSoC4/cyfitter_cfg.c **** 
ARM GAS  C:\Users\TIMCHE~1\AppData\Local\Temp\ccOeHAIz.s 			page 3


  90:Generated_Source\PSoC4/cyfitter_cfg.c **** #ifdef CY_NEED_CYCLOCKSTARTUPERROR
  91:Generated_Source\PSoC4/cyfitter_cfg.c **** /*******************************************************************************
  92:Generated_Source\PSoC4/cyfitter_cfg.c **** * Function Name: CyClockStartupError
  93:Generated_Source\PSoC4/cyfitter_cfg.c **** ********************************************************************************
  94:Generated_Source\PSoC4/cyfitter_cfg.c **** * Summary:
  95:Generated_Source\PSoC4/cyfitter_cfg.c **** *  If an error is encountered during clock configuration (crystal startup error,
  96:Generated_Source\PSoC4/cyfitter_cfg.c **** *  PLL lock error, etc.), the system will end up here.  Unless reimplemented by
  97:Generated_Source\PSoC4/cyfitter_cfg.c **** *  the customer, this function will stop in an infinite loop.
  98:Generated_Source\PSoC4/cyfitter_cfg.c **** *
  99:Generated_Source\PSoC4/cyfitter_cfg.c **** * Parameters:
 100:Generated_Source\PSoC4/cyfitter_cfg.c **** *   void
 101:Generated_Source\PSoC4/cyfitter_cfg.c **** *
 102:Generated_Source\PSoC4/cyfitter_cfg.c **** * Return:
 103:Generated_Source\PSoC4/cyfitter_cfg.c **** *   void
 104:Generated_Source\PSoC4/cyfitter_cfg.c **** *
 105:Generated_Source\PSoC4/cyfitter_cfg.c **** *******************************************************************************/
 106:Generated_Source\PSoC4/cyfitter_cfg.c **** CY_CFG_UNUSED
 107:Generated_Source\PSoC4/cyfitter_cfg.c **** static void CyClockStartupError(uint8 errorCode);
 108:Generated_Source\PSoC4/cyfitter_cfg.c **** CY_CFG_UNUSED
 109:Generated_Source\PSoC4/cyfitter_cfg.c **** static void CyClockStartupError(uint8 errorCode)
 110:Generated_Source\PSoC4/cyfitter_cfg.c **** {
 111:Generated_Source\PSoC4/cyfitter_cfg.c ****     /* To remove the compiler warning if errorCode not used.                */
 112:Generated_Source\PSoC4/cyfitter_cfg.c ****     errorCode = errorCode;
 113:Generated_Source\PSoC4/cyfitter_cfg.c **** 
 114:Generated_Source\PSoC4/cyfitter_cfg.c ****     /* If we have a clock startup error (bad MHz crystal, PLL lock, etc.),  */
 115:Generated_Source\PSoC4/cyfitter_cfg.c ****     /* we will end up here to allow the customer to implement something to  */
 116:Generated_Source\PSoC4/cyfitter_cfg.c ****     /* deal with the clock condition.                                       */
 117:Generated_Source\PSoC4/cyfitter_cfg.c **** 
 118:Generated_Source\PSoC4/cyfitter_cfg.c **** #ifdef CY_CFG_CLOCK_STARTUP_ERROR_CALLBACK
 119:Generated_Source\PSoC4/cyfitter_cfg.c **** 	CY_CFG_Clock_Startup_ErrorCallback();
 120:Generated_Source\PSoC4/cyfitter_cfg.c **** #else
 121:Generated_Source\PSoC4/cyfitter_cfg.c **** 	/*  If not using CY_CFG_CLOCK_STARTUP_ERROR_CALLBACK, place your clock startup code here. */
 122:Generated_Source\PSoC4/cyfitter_cfg.c ****     /* `#START CyClockStartupError` */
 123:Generated_Source\PSoC4/cyfitter_cfg.c **** 
 124:Generated_Source\PSoC4/cyfitter_cfg.c **** 
 125:Generated_Source\PSoC4/cyfitter_cfg.c **** 
 126:Generated_Source\PSoC4/cyfitter_cfg.c ****     /* `#END` */
 127:Generated_Source\PSoC4/cyfitter_cfg.c **** 
 128:Generated_Source\PSoC4/cyfitter_cfg.c ****     /* If nothing else, stop here since the clocks have not started         */
 129:Generated_Source\PSoC4/cyfitter_cfg.c ****     /* correctly.                                                           */
 130:Generated_Source\PSoC4/cyfitter_cfg.c ****     while(1) {}
 131:Generated_Source\PSoC4/cyfitter_cfg.c **** #endif /* CY_CFG_CLOCK_STARTUP_ERROR_CALLBACK */ 
 132:Generated_Source\PSoC4/cyfitter_cfg.c **** }
 133:Generated_Source\PSoC4/cyfitter_cfg.c **** #endif
 134:Generated_Source\PSoC4/cyfitter_cfg.c **** 
 135:Generated_Source\PSoC4/cyfitter_cfg.c **** 
 136:Generated_Source\PSoC4/cyfitter_cfg.c **** 
 137:Generated_Source\PSoC4/cyfitter_cfg.c **** /*******************************************************************************
 138:Generated_Source\PSoC4/cyfitter_cfg.c **** * Function Name: ClockSetup
 139:Generated_Source\PSoC4/cyfitter_cfg.c **** ********************************************************************************
 140:Generated_Source\PSoC4/cyfitter_cfg.c **** *
 141:Generated_Source\PSoC4/cyfitter_cfg.c **** * Summary:
 142:Generated_Source\PSoC4/cyfitter_cfg.c **** *   Performs the initialization of all of the clocks in the device based on the
 143:Generated_Source\PSoC4/cyfitter_cfg.c **** *   settings in the Clock tab of the DWR.  This includes enabling the requested
 144:Generated_Source\PSoC4/cyfitter_cfg.c **** *   clocks and setting the necessary dividers to produce the desired frequency. 
 145:Generated_Source\PSoC4/cyfitter_cfg.c **** *
 146:Generated_Source\PSoC4/cyfitter_cfg.c **** * Parameters:
ARM GAS  C:\Users\TIMCHE~1\AppData\Local\Temp\ccOeHAIz.s 			page 4


 147:Generated_Source\PSoC4/cyfitter_cfg.c **** *   void
 148:Generated_Source\PSoC4/cyfitter_cfg.c **** *
 149:Generated_Source\PSoC4/cyfitter_cfg.c **** * Return:
 150:Generated_Source\PSoC4/cyfitter_cfg.c **** *   void
 151:Generated_Source\PSoC4/cyfitter_cfg.c **** *
 152:Generated_Source\PSoC4/cyfitter_cfg.c **** *******************************************************************************/
 153:Generated_Source\PSoC4/cyfitter_cfg.c **** static void ClockSetup(void);
 154:Generated_Source\PSoC4/cyfitter_cfg.c **** CY_CFG_SECTION
 155:Generated_Source\PSoC4/cyfitter_cfg.c **** static void ClockSetup(void)
 156:Generated_Source\PSoC4/cyfitter_cfg.c **** {
 157:Generated_Source\PSoC4/cyfitter_cfg.c **** 
 158:Generated_Source\PSoC4/cyfitter_cfg.c **** 	/* Set Flash Cycles based on max possible frequency in case a glitch occurs during ClockSetup(). *
 159:Generated_Source\PSoC4/cyfitter_cfg.c **** 	CY_SET_REG32((void CYXDATA *)(CYREG_CPUSS_FLASH_CTL), (0x0011u));
 160:Generated_Source\PSoC4/cyfitter_cfg.c **** 	/* Update IMO to new clock speed. */
 161:Generated_Source\PSoC4/cyfitter_cfg.c **** 	CySysClkWriteImoFreq(32u);
 162:Generated_Source\PSoC4/cyfitter_cfg.c **** 
 163:Generated_Source\PSoC4/cyfitter_cfg.c **** 	/* Setup phase aligned clocks */
 164:Generated_Source\PSoC4/cyfitter_cfg.c **** 	CY_SET_REG32((void *)CYREG_PERI_DIV_16_CTL0, 0x00000900u);
 165:Generated_Source\PSoC4/cyfitter_cfg.c **** 	CY_SET_REG32((void *)CYREG_PERI_DIV_CMD, 0x8000FF40u);
 166:Generated_Source\PSoC4/cyfitter_cfg.c **** 
 167:Generated_Source\PSoC4/cyfitter_cfg.c **** 	/* CYDEV_CLK_SELECT Starting address: CYDEV_CLK_SELECT */
 168:Generated_Source\PSoC4/cyfitter_cfg.c **** 	CY_SET_XTND_REG32((void CYFAR *)(CYREG_CLK_SELECT), 0x00000044u);
 169:Generated_Source\PSoC4/cyfitter_cfg.c **** 
 170:Generated_Source\PSoC4/cyfitter_cfg.c **** 	/* CYDEV_PERI_PCLK_CTL0 Starting address: CYDEV_PERI_PCLK_CTL0 */
 171:Generated_Source\PSoC4/cyfitter_cfg.c **** 	CY_SET_XTND_REG32((void CYFAR *)(CYREG_PERI_PCLK_CTL0), 0x00000040u);
 172:Generated_Source\PSoC4/cyfitter_cfg.c **** 
 173:Generated_Source\PSoC4/cyfitter_cfg.c **** 	/* Set Flash Cycles based on newly configured 16.00MHz HFCLK. */
 174:Generated_Source\PSoC4/cyfitter_cfg.c **** 	CY_SET_REG32((void CYXDATA *)(CYREG_CPUSS_FLASH_CTL), (0x0000u));
 175:Generated_Source\PSoC4/cyfitter_cfg.c **** }
 176:Generated_Source\PSoC4/cyfitter_cfg.c **** 
 177:Generated_Source\PSoC4/cyfitter_cfg.c **** 
 178:Generated_Source\PSoC4/cyfitter_cfg.c **** /* Analog API Functions */
 179:Generated_Source\PSoC4/cyfitter_cfg.c **** 
 180:Generated_Source\PSoC4/cyfitter_cfg.c **** 
 181:Generated_Source\PSoC4/cyfitter_cfg.c **** /*******************************************************************************
 182:Generated_Source\PSoC4/cyfitter_cfg.c **** * Function Name: AnalogSetDefault
 183:Generated_Source\PSoC4/cyfitter_cfg.c **** ********************************************************************************
 184:Generated_Source\PSoC4/cyfitter_cfg.c **** *
 185:Generated_Source\PSoC4/cyfitter_cfg.c **** * Summary:
 186:Generated_Source\PSoC4/cyfitter_cfg.c **** *  Sets up the analog portions of the chip to default values based on chip
 187:Generated_Source\PSoC4/cyfitter_cfg.c **** *  configuration options from the project.
 188:Generated_Source\PSoC4/cyfitter_cfg.c **** *
 189:Generated_Source\PSoC4/cyfitter_cfg.c **** * Parameters:
 190:Generated_Source\PSoC4/cyfitter_cfg.c **** *  void
 191:Generated_Source\PSoC4/cyfitter_cfg.c **** *
 192:Generated_Source\PSoC4/cyfitter_cfg.c **** * Return:
 193:Generated_Source\PSoC4/cyfitter_cfg.c **** *  void
 194:Generated_Source\PSoC4/cyfitter_cfg.c **** *
 195:Generated_Source\PSoC4/cyfitter_cfg.c **** *******************************************************************************/
 196:Generated_Source\PSoC4/cyfitter_cfg.c **** static void AnalogSetDefault(void);
 197:Generated_Source\PSoC4/cyfitter_cfg.c **** static void AnalogSetDefault(void)
 198:Generated_Source\PSoC4/cyfitter_cfg.c **** {
 199:Generated_Source\PSoC4/cyfitter_cfg.c **** }
 200:Generated_Source\PSoC4/cyfitter_cfg.c **** 
 201:Generated_Source\PSoC4/cyfitter_cfg.c **** #define CY_AMUX_UNUSED CYREG_CM0_ROM_DWT
 202:Generated_Source\PSoC4/cyfitter_cfg.c **** 
 203:Generated_Source\PSoC4/cyfitter_cfg.c **** 
ARM GAS  C:\Users\TIMCHE~1\AppData\Local\Temp\ccOeHAIz.s 			page 5


 204:Generated_Source\PSoC4/cyfitter_cfg.c **** /*******************************************************************************
 205:Generated_Source\PSoC4/cyfitter_cfg.c **** * Function Name: cyfitter_cfg
 206:Generated_Source\PSoC4/cyfitter_cfg.c **** ********************************************************************************
 207:Generated_Source\PSoC4/cyfitter_cfg.c **** * Summary:
 208:Generated_Source\PSoC4/cyfitter_cfg.c **** *  This function is called by the start-up code for the selected device. It
 209:Generated_Source\PSoC4/cyfitter_cfg.c **** *  performs all of the necessary device configuration based on the design
 210:Generated_Source\PSoC4/cyfitter_cfg.c **** *  settings.  This includes settings from the Design Wide Resources (DWR) such
 211:Generated_Source\PSoC4/cyfitter_cfg.c **** *  as Clocks and Pins as well as any component configuration that is necessary.
 212:Generated_Source\PSoC4/cyfitter_cfg.c **** *
 213:Generated_Source\PSoC4/cyfitter_cfg.c **** * Parameters:  
 214:Generated_Source\PSoC4/cyfitter_cfg.c **** *   void
 215:Generated_Source\PSoC4/cyfitter_cfg.c **** *
 216:Generated_Source\PSoC4/cyfitter_cfg.c **** * Return:
 217:Generated_Source\PSoC4/cyfitter_cfg.c **** *   void
 218:Generated_Source\PSoC4/cyfitter_cfg.c **** *
 219:Generated_Source\PSoC4/cyfitter_cfg.c **** *******************************************************************************/
 220:Generated_Source\PSoC4/cyfitter_cfg.c **** CY_CFG_SECTION
 221:Generated_Source\PSoC4/cyfitter_cfg.c **** void cyfitter_cfg(void)
 222:Generated_Source\PSoC4/cyfitter_cfg.c **** {
  26              		.loc 1 222 0
  27              		.cfi_startproc
  28 0000 10B5     		push	{r4, lr}
  29              		.cfi_def_cfa_offset 8
  30              		.cfi_offset 4, -8
  31              		.cfi_offset 14, -4
 223:Generated_Source\PSoC4/cyfitter_cfg.c **** 	/* Disable interrupts by default. Let user enable if/when they want. */
 224:Generated_Source\PSoC4/cyfitter_cfg.c **** 	CyGlobalIntDisable;
  32              		.loc 1 224 0
  33              	@ 224 "Generated_Source\PSoC4\cyfitter_cfg.c" 1
  34 0002 72B6     		CPSID   i
  35              	@ 0 "" 2
 225:Generated_Source\PSoC4/cyfitter_cfg.c **** 
 226:Generated_Source\PSoC4/cyfitter_cfg.c **** 	{
 227:Generated_Source\PSoC4/cyfitter_cfg.c **** 		/* HSIOM Starting address: CYDEV_HSIOM_BASE */
 228:Generated_Source\PSoC4/cyfitter_cfg.c **** 		CY_SET_XTND_REG32((void CYFAR *)(CYREG_HSIOM_PORT_SEL3), 0x000000EEu);
  36              		.loc 1 228 0
  37              		.code	16
  38 0004 EE22     		mov	r2, #238
  39 0006 114B     		ldr	r3, .L2
  40              	.LBB6:
  41              	.LBB7:
 159:Generated_Source\PSoC4/cyfitter_cfg.c **** 	/* Update IMO to new clock speed. */
  42              		.loc 1 159 0
  43 0008 114C     		ldr	r4, .L2+4
  44              	.LBE7:
  45              	.LBE6:
  46              		.loc 1 228 0
  47 000a 1A60     		str	r2, [r3]
 229:Generated_Source\PSoC4/cyfitter_cfg.c **** 
 230:Generated_Source\PSoC4/cyfitter_cfg.c **** 	}
 231:Generated_Source\PSoC4/cyfitter_cfg.c **** 
 232:Generated_Source\PSoC4/cyfitter_cfg.c **** 	/* Perform second pass device configuration. These items must be configured in specific order afte
 233:Generated_Source\PSoC4/cyfitter_cfg.c **** 	/* IOPINS0_1 Starting address: CYDEV_GPIO_PRT1_BASE */
 234:Generated_Source\PSoC4/cyfitter_cfg.c **** 	CY_SET_XTND_REG32((void CYFAR *)(CYREG_GPIO_PRT1_PC), 0x00180000u);
  48              		.loc 1 234 0
  49 000c C022     		mov	r2, #192
  50 000e 114B     		ldr	r3, .L2+8
ARM GAS  C:\Users\TIMCHE~1\AppData\Local\Temp\ccOeHAIz.s 			page 6


  51 0010 5203     		lsl	r2, r2, #13
  52 0012 1A60     		str	r2, [r3]
 235:Generated_Source\PSoC4/cyfitter_cfg.c **** 
 236:Generated_Source\PSoC4/cyfitter_cfg.c **** 	/* IOPINS0_3 Starting address: CYDEV_GPIO_PRT3_BASE */
 237:Generated_Source\PSoC4/cyfitter_cfg.c **** 	CY_SET_XTND_REG32((void CYFAR *)(CYDEV_GPIO_PRT3_BASE), 0x00000003u);
  53              		.loc 1 237 0
  54 0014 0322     		mov	r2, #3
  55 0016 104B     		ldr	r3, .L2+12
  56              	.LBB11:
  57              	.LBB8:
 161:Generated_Source\PSoC4/cyfitter_cfg.c **** 
  58              		.loc 1 161 0
  59 0018 2020     		mov	r0, #32
  60              	.LBE8:
  61              	.LBE11:
  62              		.loc 1 237 0
  63 001a 1A60     		str	r2, [r3]
 238:Generated_Source\PSoC4/cyfitter_cfg.c **** 	CY_SET_XTND_REG32((void CYFAR *)(CYREG_GPIO_PRT3_PC), 0x00000024u);
  64              		.loc 1 238 0
  65 001c 0F4B     		ldr	r3, .L2+16
  66 001e 2132     		add	r2, r2, #33
  67 0020 1A60     		str	r2, [r3]
  68              	.LBB12:
  69              	.LBB9:
 159:Generated_Source\PSoC4/cyfitter_cfg.c **** 	/* Update IMO to new clock speed. */
  70              		.loc 1 159 0
  71 0022 1123     		mov	r3, #17
  72 0024 2360     		str	r3, [r4]
 161:Generated_Source\PSoC4/cyfitter_cfg.c **** 
  73              		.loc 1 161 0
  74 0026 FFF7FEFF 		bl	CySysClkWriteImoFreq
  75              	.LVL0:
 164:Generated_Source\PSoC4/cyfitter_cfg.c **** 	CY_SET_REG32((void *)CYREG_PERI_DIV_CMD, 0x8000FF40u);
  76              		.loc 1 164 0
  77 002a 9022     		mov	r2, #144
  78 002c 0C4B     		ldr	r3, .L2+20
  79 002e 1201     		lsl	r2, r2, #4
  80 0030 1A60     		str	r2, [r3]
 165:Generated_Source\PSoC4/cyfitter_cfg.c **** 
  81              		.loc 1 165 0
  82 0032 0C4A     		ldr	r2, .L2+24
  83 0034 0C4B     		ldr	r3, .L2+28
  84              	.LBE9:
  85              	.LBE12:
 239:Generated_Source\PSoC4/cyfitter_cfg.c **** 
 240:Generated_Source\PSoC4/cyfitter_cfg.c **** 
 241:Generated_Source\PSoC4/cyfitter_cfg.c **** 	/* Setup clocks based on selections from Clock DWR */
 242:Generated_Source\PSoC4/cyfitter_cfg.c **** 	ClockSetup();
 243:Generated_Source\PSoC4/cyfitter_cfg.c **** 
 244:Generated_Source\PSoC4/cyfitter_cfg.c **** 	/* Perform basic analog initialization to defaults */
 245:Generated_Source\PSoC4/cyfitter_cfg.c **** 	AnalogSetDefault();
 246:Generated_Source\PSoC4/cyfitter_cfg.c **** 
 247:Generated_Source\PSoC4/cyfitter_cfg.c **** }
  86              		.loc 1 247 0
  87              		@ sp needed
  88              	.LBB13:
  89              	.LBB10:
ARM GAS  C:\Users\TIMCHE~1\AppData\Local\Temp\ccOeHAIz.s 			page 7


 165:Generated_Source\PSoC4/cyfitter_cfg.c **** 
  90              		.loc 1 165 0
  91 0036 1A60     		str	r2, [r3]
 168:Generated_Source\PSoC4/cyfitter_cfg.c **** 
  92              		.loc 1 168 0
  93 0038 4422     		mov	r2, #68
  94 003a 0C4B     		ldr	r3, .L2+32
  95 003c 1A60     		str	r2, [r3]
 171:Generated_Source\PSoC4/cyfitter_cfg.c **** 
  96              		.loc 1 171 0
  97 003e 0C4B     		ldr	r3, .L2+36
  98 0040 043A     		sub	r2, r2, #4
  99 0042 1A60     		str	r2, [r3]
 174:Generated_Source\PSoC4/cyfitter_cfg.c **** }
 100              		.loc 1 174 0
 101 0044 0023     		mov	r3, #0
 102 0046 2360     		str	r3, [r4]
 103              	.LBE10:
 104              	.LBE13:
 105              		.loc 1 247 0
 106 0048 10BD     		pop	{r4, pc}
 107              	.L3:
 108 004a C046     		.align	2
 109              	.L2:
 110 004c 00030240 		.word	1073873664
 111 0050 30001040 		.word	1074790448
 112 0054 08010440 		.word	1074004232
 113 0058 00030440 		.word	1074004736
 114 005c 08030440 		.word	1074004744
 115 0060 00030140 		.word	1073808128
 116 0064 40FF0080 		.word	-2147418304
 117 0068 00000140 		.word	1073807360
 118 006c 28000340 		.word	1073938472
 119 0070 00010140 		.word	1073807616
 120              		.cfi_endproc
 121              	.LFE5:
 122              		.size	cyfitter_cfg, .-cyfitter_cfg
 123              		.text
 124              	.Letext0:
 125              		.file 2 "Generated_Source\\PSoC4\\cytypes.h"
 126              		.file 3 "Generated_Source\\PSoC4\\CyLib.h"
 127              		.section	.debug_info,"",%progbits
 128              	.Ldebug_info0:
 129 0000 F4000000 		.4byte	0xf4
 130 0004 0400     		.2byte	0x4
 131 0006 00000000 		.4byte	.Ldebug_abbrev0
 132 000a 04       		.byte	0x4
 133 000b 01       		.uleb128 0x1
 134 000c 48000000 		.4byte	.LASF17
 135 0010 01       		.byte	0x1
 136 0011 15000000 		.4byte	.LASF18
 137 0015 0C010000 		.4byte	.LASF19
 138 0019 28000000 		.4byte	.Ldebug_ranges0+0x28
 139 001d 00000000 		.4byte	0
 140 0021 00000000 		.4byte	.Ldebug_line0
 141 0025 02       		.uleb128 0x2
 142 0026 04       		.byte	0x4
ARM GAS  C:\Users\TIMCHE~1\AppData\Local\Temp\ccOeHAIz.s 			page 8


 143 0027 05       		.byte	0x5
 144 0028 696E7400 		.ascii	"int\000"
 145 002c 03       		.uleb128 0x3
 146 002d 04       		.byte	0x4
 147 002e 07       		.byte	0x7
 148 002f 3B000000 		.4byte	.LASF0
 149 0033 03       		.uleb128 0x3
 150 0034 01       		.byte	0x1
 151 0035 06       		.byte	0x6
 152 0036 3E020000 		.4byte	.LASF1
 153 003a 03       		.uleb128 0x3
 154 003b 01       		.byte	0x1
 155 003c 08       		.byte	0x8
 156 003d E6010000 		.4byte	.LASF2
 157 0041 03       		.uleb128 0x3
 158 0042 02       		.byte	0x2
 159 0043 05       		.byte	0x5
 160 0044 50020000 		.4byte	.LASF3
 161 0048 03       		.uleb128 0x3
 162 0049 02       		.byte	0x2
 163 004a 07       		.byte	0x7
 164 004b 2B020000 		.4byte	.LASF4
 165 004f 03       		.uleb128 0x3
 166 0050 04       		.byte	0x4
 167 0051 05       		.byte	0x5
 168 0052 F9010000 		.4byte	.LASF5
 169 0056 03       		.uleb128 0x3
 170 0057 04       		.byte	0x4
 171 0058 07       		.byte	0x7
 172 0059 D6000000 		.4byte	.LASF6
 173 005d 03       		.uleb128 0x3
 174 005e 08       		.byte	0x8
 175 005f 05       		.byte	0x5
 176 0060 00000000 		.4byte	.LASF7
 177 0064 03       		.uleb128 0x3
 178 0065 08       		.byte	0x8
 179 0066 07       		.byte	0x7
 180 0067 F5000000 		.4byte	.LASF8
 181 006b 03       		.uleb128 0x3
 182 006c 04       		.byte	0x4
 183 006d 07       		.byte	0x7
 184 006e 5A020000 		.4byte	.LASF9
 185 0072 03       		.uleb128 0x3
 186 0073 01       		.byte	0x1
 187 0074 08       		.byte	0x8
 188 0075 F4010000 		.4byte	.LASF10
 189 0079 04       		.uleb128 0x4
 190 007a 0E000000 		.4byte	.LASF13
 191 007e 02       		.byte	0x2
 192 007f BB01     		.2byte	0x1bb
 193 0081 56000000 		.4byte	0x56
 194 0085 03       		.uleb128 0x3
 195 0086 04       		.byte	0x4
 196 0087 04       		.byte	0x4
 197 0088 4A020000 		.4byte	.LASF11
 198 008c 03       		.uleb128 0x3
 199 008d 08       		.byte	0x8
ARM GAS  C:\Users\TIMCHE~1\AppData\Local\Temp\ccOeHAIz.s 			page 9


 200 008e 04       		.byte	0x4
 201 008f 1E020000 		.4byte	.LASF12
 202 0093 04       		.uleb128 0x4
 203 0094 25020000 		.4byte	.LASF14
 204 0098 02       		.byte	0x2
 205 0099 6502     		.2byte	0x265
 206 009b 9F000000 		.4byte	0x9f
 207 009f 05       		.uleb128 0x5
 208 00a0 79000000 		.4byte	0x79
 209 00a4 06       		.uleb128 0x6
 210 00a5 02020000 		.4byte	.LASF15
 211 00a9 01       		.byte	0x1
 212 00aa C5       		.byte	0xc5
 213 00ab 01       		.byte	0x1
 214 00ac 06       		.uleb128 0x6
 215 00ad 13020000 		.4byte	.LASF16
 216 00b1 01       		.byte	0x1
 217 00b2 9B       		.byte	0x9b
 218 00b3 01       		.byte	0x1
 219 00b4 07       		.uleb128 0x7
 220 00b5 E8000000 		.4byte	.LASF20
 221 00b9 01       		.byte	0x1
 222 00ba DD       		.byte	0xdd
 223 00bb 00000000 		.4byte	.LFB5
 224 00bf 74000000 		.4byte	.LFE5-.LFB5
 225 00c3 01       		.uleb128 0x1
 226 00c4 9C       		.byte	0x9c
 227 00c5 EA000000 		.4byte	0xea
 228 00c9 08       		.uleb128 0x8
 229 00ca AC000000 		.4byte	0xac
 230 00ce 08000000 		.4byte	.LBB6
 231 00d2 00000000 		.4byte	.Ldebug_ranges0+0
 232 00d6 01       		.byte	0x1
 233 00d7 F2       		.byte	0xf2
 234 00d8 09       		.uleb128 0x9
 235 00d9 2A000000 		.4byte	.LVL0
 236 00dd EA000000 		.4byte	0xea
 237 00e1 0A       		.uleb128 0xa
 238 00e2 01       		.uleb128 0x1
 239 00e3 50       		.byte	0x50
 240 00e4 02       		.uleb128 0x2
 241 00e5 08       		.byte	0x8
 242 00e6 20       		.byte	0x20
 243 00e7 00       		.byte	0
 244 00e8 00       		.byte	0
 245 00e9 00       		.byte	0
 246 00ea 0B       		.uleb128 0xb
 247 00eb D1010000 		.4byte	.LASF21
 248 00ef 03       		.byte	0x3
 249 00f0 6C       		.byte	0x6c
 250 00f1 0C       		.uleb128 0xc
 251 00f2 79000000 		.4byte	0x79
 252 00f6 00       		.byte	0
 253 00f7 00       		.byte	0
 254              		.section	.debug_abbrev,"",%progbits
 255              	.Ldebug_abbrev0:
 256 0000 01       		.uleb128 0x1
ARM GAS  C:\Users\TIMCHE~1\AppData\Local\Temp\ccOeHAIz.s 			page 10


 257 0001 11       		.uleb128 0x11
 258 0002 01       		.byte	0x1
 259 0003 25       		.uleb128 0x25
 260 0004 0E       		.uleb128 0xe
 261 0005 13       		.uleb128 0x13
 262 0006 0B       		.uleb128 0xb
 263 0007 03       		.uleb128 0x3
 264 0008 0E       		.uleb128 0xe
 265 0009 1B       		.uleb128 0x1b
 266 000a 0E       		.uleb128 0xe
 267 000b 55       		.uleb128 0x55
 268 000c 17       		.uleb128 0x17
 269 000d 11       		.uleb128 0x11
 270 000e 01       		.uleb128 0x1
 271 000f 10       		.uleb128 0x10
 272 0010 17       		.uleb128 0x17
 273 0011 00       		.byte	0
 274 0012 00       		.byte	0
 275 0013 02       		.uleb128 0x2
 276 0014 24       		.uleb128 0x24
 277 0015 00       		.byte	0
 278 0016 0B       		.uleb128 0xb
 279 0017 0B       		.uleb128 0xb
 280 0018 3E       		.uleb128 0x3e
 281 0019 0B       		.uleb128 0xb
 282 001a 03       		.uleb128 0x3
 283 001b 08       		.uleb128 0x8
 284 001c 00       		.byte	0
 285 001d 00       		.byte	0
 286 001e 03       		.uleb128 0x3
 287 001f 24       		.uleb128 0x24
 288 0020 00       		.byte	0
 289 0021 0B       		.uleb128 0xb
 290 0022 0B       		.uleb128 0xb
 291 0023 3E       		.uleb128 0x3e
 292 0024 0B       		.uleb128 0xb
 293 0025 03       		.uleb128 0x3
 294 0026 0E       		.uleb128 0xe
 295 0027 00       		.byte	0
 296 0028 00       		.byte	0
 297 0029 04       		.uleb128 0x4
 298 002a 16       		.uleb128 0x16
 299 002b 00       		.byte	0
 300 002c 03       		.uleb128 0x3
 301 002d 0E       		.uleb128 0xe
 302 002e 3A       		.uleb128 0x3a
 303 002f 0B       		.uleb128 0xb
 304 0030 3B       		.uleb128 0x3b
 305 0031 05       		.uleb128 0x5
 306 0032 49       		.uleb128 0x49
 307 0033 13       		.uleb128 0x13
 308 0034 00       		.byte	0
 309 0035 00       		.byte	0
 310 0036 05       		.uleb128 0x5
 311 0037 35       		.uleb128 0x35
 312 0038 00       		.byte	0
 313 0039 49       		.uleb128 0x49
ARM GAS  C:\Users\TIMCHE~1\AppData\Local\Temp\ccOeHAIz.s 			page 11


 314 003a 13       		.uleb128 0x13
 315 003b 00       		.byte	0
 316 003c 00       		.byte	0
 317 003d 06       		.uleb128 0x6
 318 003e 2E       		.uleb128 0x2e
 319 003f 00       		.byte	0
 320 0040 03       		.uleb128 0x3
 321 0041 0E       		.uleb128 0xe
 322 0042 3A       		.uleb128 0x3a
 323 0043 0B       		.uleb128 0xb
 324 0044 3B       		.uleb128 0x3b
 325 0045 0B       		.uleb128 0xb
 326 0046 27       		.uleb128 0x27
 327 0047 19       		.uleb128 0x19
 328 0048 20       		.uleb128 0x20
 329 0049 0B       		.uleb128 0xb
 330 004a 00       		.byte	0
 331 004b 00       		.byte	0
 332 004c 07       		.uleb128 0x7
 333 004d 2E       		.uleb128 0x2e
 334 004e 01       		.byte	0x1
 335 004f 3F       		.uleb128 0x3f
 336 0050 19       		.uleb128 0x19
 337 0051 03       		.uleb128 0x3
 338 0052 0E       		.uleb128 0xe
 339 0053 3A       		.uleb128 0x3a
 340 0054 0B       		.uleb128 0xb
 341 0055 3B       		.uleb128 0x3b
 342 0056 0B       		.uleb128 0xb
 343 0057 27       		.uleb128 0x27
 344 0058 19       		.uleb128 0x19
 345 0059 11       		.uleb128 0x11
 346 005a 01       		.uleb128 0x1
 347 005b 12       		.uleb128 0x12
 348 005c 06       		.uleb128 0x6
 349 005d 40       		.uleb128 0x40
 350 005e 18       		.uleb128 0x18
 351 005f 9742     		.uleb128 0x2117
 352 0061 19       		.uleb128 0x19
 353 0062 01       		.uleb128 0x1
 354 0063 13       		.uleb128 0x13
 355 0064 00       		.byte	0
 356 0065 00       		.byte	0
 357 0066 08       		.uleb128 0x8
 358 0067 1D       		.uleb128 0x1d
 359 0068 01       		.byte	0x1
 360 0069 31       		.uleb128 0x31
 361 006a 13       		.uleb128 0x13
 362 006b 52       		.uleb128 0x52
 363 006c 01       		.uleb128 0x1
 364 006d 55       		.uleb128 0x55
 365 006e 17       		.uleb128 0x17
 366 006f 58       		.uleb128 0x58
 367 0070 0B       		.uleb128 0xb
 368 0071 59       		.uleb128 0x59
 369 0072 0B       		.uleb128 0xb
 370 0073 00       		.byte	0
ARM GAS  C:\Users\TIMCHE~1\AppData\Local\Temp\ccOeHAIz.s 			page 12


 371 0074 00       		.byte	0
 372 0075 09       		.uleb128 0x9
 373 0076 898201   		.uleb128 0x4109
 374 0079 01       		.byte	0x1
 375 007a 11       		.uleb128 0x11
 376 007b 01       		.uleb128 0x1
 377 007c 31       		.uleb128 0x31
 378 007d 13       		.uleb128 0x13
 379 007e 00       		.byte	0
 380 007f 00       		.byte	0
 381 0080 0A       		.uleb128 0xa
 382 0081 8A8201   		.uleb128 0x410a
 383 0084 00       		.byte	0
 384 0085 02       		.uleb128 0x2
 385 0086 18       		.uleb128 0x18
 386 0087 9142     		.uleb128 0x2111
 387 0089 18       		.uleb128 0x18
 388 008a 00       		.byte	0
 389 008b 00       		.byte	0
 390 008c 0B       		.uleb128 0xb
 391 008d 2E       		.uleb128 0x2e
 392 008e 01       		.byte	0x1
 393 008f 3F       		.uleb128 0x3f
 394 0090 19       		.uleb128 0x19
 395 0091 03       		.uleb128 0x3
 396 0092 0E       		.uleb128 0xe
 397 0093 3A       		.uleb128 0x3a
 398 0094 0B       		.uleb128 0xb
 399 0095 3B       		.uleb128 0x3b
 400 0096 0B       		.uleb128 0xb
 401 0097 27       		.uleb128 0x27
 402 0098 19       		.uleb128 0x19
 403 0099 3C       		.uleb128 0x3c
 404 009a 19       		.uleb128 0x19
 405 009b 00       		.byte	0
 406 009c 00       		.byte	0
 407 009d 0C       		.uleb128 0xc
 408 009e 05       		.uleb128 0x5
 409 009f 00       		.byte	0
 410 00a0 49       		.uleb128 0x49
 411 00a1 13       		.uleb128 0x13
 412 00a2 00       		.byte	0
 413 00a3 00       		.byte	0
 414 00a4 00       		.byte	0
 415              		.section	.debug_aranges,"",%progbits
 416 0000 1C000000 		.4byte	0x1c
 417 0004 0200     		.2byte	0x2
 418 0006 00000000 		.4byte	.Ldebug_info0
 419 000a 04       		.byte	0x4
 420 000b 00       		.byte	0
 421 000c 0000     		.2byte	0
 422 000e 0000     		.2byte	0
 423 0010 00000000 		.4byte	.LFB5
 424 0014 74000000 		.4byte	.LFE5-.LFB5
 425 0018 00000000 		.4byte	0
 426 001c 00000000 		.4byte	0
 427              		.section	.debug_ranges,"",%progbits
ARM GAS  C:\Users\TIMCHE~1\AppData\Local\Temp\ccOeHAIz.s 			page 13


 428              	.Ldebug_ranges0:
 429 0000 08000000 		.4byte	.LBB6
 430 0004 0A000000 		.4byte	.LBE6
 431 0008 18000000 		.4byte	.LBB11
 432 000c 1A000000 		.4byte	.LBE11
 433 0010 22000000 		.4byte	.LBB12
 434 0014 36000000 		.4byte	.LBE12
 435 0018 36000000 		.4byte	.LBB13
 436 001c 48000000 		.4byte	.LBE13
 437 0020 00000000 		.4byte	0
 438 0024 00000000 		.4byte	0
 439 0028 00000000 		.4byte	.LFB5
 440 002c 74000000 		.4byte	.LFE5
 441 0030 00000000 		.4byte	0
 442 0034 00000000 		.4byte	0
 443              		.section	.debug_line,"",%progbits
 444              	.Ldebug_line0:
 445 0000 95000000 		.section	.debug_str,"MS",%progbits,1
 445      02005400 
 445      00000201 
 445      FB0E0D00 
 445      01010101 
 446              	.LASF7:
 447 0000 6C6F6E67 		.ascii	"long long int\000"
 447      206C6F6E 
 447      6720696E 
 447      7400
 448              	.LASF13:
 449 000e 75696E74 		.ascii	"uint32\000"
 449      333200
 450              	.LASF18:
 451 0015 47656E65 		.ascii	"Generated_Source\\PSoC4\\cyfitter_cfg.c\000"
 451      72617465 
 451      645F536F 
 451      75726365 
 451      5C50536F 
 452              	.LASF0:
 453 003b 756E7369 		.ascii	"unsigned int\000"
 453      676E6564 
 453      20696E74 
 453      00
 454              	.LASF17:
 455 0048 474E5520 		.ascii	"GNU C 4.9.3 20150303 (release) [ARM/embedded-4_9-br"
 455      4320342E 
 455      392E3320 
 455      32303135 
 455      30333033 
 456 007b 616E6368 		.ascii	"anch revision 221220] -mcpu=cortex-m0 -mthumb -g -O"
 456      20726576 
 456      6973696F 
 456      6E203232 
 456      31323230 
 457 00ae 73202D66 		.ascii	"s -ffunction-sections -ffat-lto-objects\000"
 457      66756E63 
 457      74696F6E 
 457      2D736563 
 457      74696F6E 
ARM GAS  C:\Users\TIMCHE~1\AppData\Local\Temp\ccOeHAIz.s 			page 14


 458              	.LASF6:
 459 00d6 6C6F6E67 		.ascii	"long unsigned int\000"
 459      20756E73 
 459      69676E65 
 459      6420696E 
 459      7400
 460              	.LASF20:
 461 00e8 63796669 		.ascii	"cyfitter_cfg\000"
 461      74746572 
 461      5F636667 
 461      00
 462              	.LASF8:
 463 00f5 6C6F6E67 		.ascii	"long long unsigned int\000"
 463      206C6F6E 
 463      6720756E 
 463      7369676E 
 463      65642069 
 464              	.LASF19:
 465 010c 463A5C42 		.ascii	"F:\\BW Data\\01 - Project\\11 - MH-8W\\01 - SW\\01 "
 465      57204461 
 465      74615C30 
 465      31202D20 
 465      50726F6A 
 466 013a 2D205265 		.ascii	"- Release\\MH-8W_Proximity_Board\\MH-8W_Proximity_B"
 466      6C656173 
 466      655C4D48 
 466      2D38575F 
 466      50726F78 
 467 016b 6F617264 		.ascii	"oard_V11_20170713 (+Bootloader)\\MH-8W_PROXIMITY.cy"
 467      5F563131 
 467      5F323031 
 467      37303731 
 467      3320282B 
 468 019d 64736E5C 		.ascii	"dsn\\Bootloader_V01\\Bootloader_PSoC4_Example01.cyd"
 468      426F6F74 
 468      6C6F6164 
 468      65725F56 
 468      30315C42 
 469 01ce 736E00   		.ascii	"sn\000"
 470              	.LASF21:
 471 01d1 43795379 		.ascii	"CySysClkWriteImoFreq\000"
 471      73436C6B 
 471      57726974 
 471      65496D6F 
 471      46726571 
 472              	.LASF2:
 473 01e6 756E7369 		.ascii	"unsigned char\000"
 473      676E6564 
 473      20636861 
 473      7200
 474              	.LASF10:
 475 01f4 63686172 		.ascii	"char\000"
 475      00
 476              	.LASF5:
 477 01f9 6C6F6E67 		.ascii	"long int\000"
 477      20696E74 
 477      00
ARM GAS  C:\Users\TIMCHE~1\AppData\Local\Temp\ccOeHAIz.s 			page 15


 478              	.LASF15:
 479 0202 416E616C 		.ascii	"AnalogSetDefault\000"
 479      6F675365 
 479      74446566 
 479      61756C74 
 479      00
 480              	.LASF16:
 481 0213 436C6F63 		.ascii	"ClockSetup\000"
 481      6B536574 
 481      757000
 482              	.LASF12:
 483 021e 646F7562 		.ascii	"double\000"
 483      6C6500
 484              	.LASF14:
 485 0225 72656733 		.ascii	"reg32\000"
 485      3200
 486              	.LASF4:
 487 022b 73686F72 		.ascii	"short unsigned int\000"
 487      7420756E 
 487      7369676E 
 487      65642069 
 487      6E7400
 488              	.LASF1:
 489 023e 7369676E 		.ascii	"signed char\000"
 489      65642063 
 489      68617200 
 490              	.LASF11:
 491 024a 666C6F61 		.ascii	"float\000"
 491      7400
 492              	.LASF3:
 493 0250 73686F72 		.ascii	"short int\000"
 493      7420696E 
 493      7400
 494              	.LASF9:
 495 025a 73697A65 		.ascii	"sizetype\000"
 495      74797065 
 495      00
 496              		.ident	"GCC: (GNU Tools for ARM Embedded Processors) 4.9.3 20150303 (release) [ARM/embedded-4_9-br
